[mk-d4] greedy/code_prime rep0: 273 tok, decode 136.83 tok/s, ttft 0.1274 s
[mk-d4] greedy/code_prime rep1: 273 tok, decode 136.97 tok/s, ttft 0.1258 s
[mk-d4] greedy/code_prime rep2: 273 tok, decode 137.28 tok/s, ttft 0.1255 s
[mk-d4] greedy/hashmap rep0: 512 tok, decode 114.74 tok/s, ttft 0.1248 s
[mk-d4] greedy/hashmap rep1: 512 tok, decode 114.58 tok/s, ttft 0.1263 s
[mk-d4] greedy/hashmap rep2: 512 tok, decode 114.69 tok/s, ttft 0.1246 s
[mk-d4] greedy/story_lighthouse rep0: 512 tok, decode 75.73 tok/s, ttft 0.126 s
[mk-d4] greedy/story_lighthouse rep1: 512 tok, decode 75.78 tok/s, ttft 0.1256 s
[mk-d4] greedy/story_lighthouse rep2: 512 tok, decode 75.66 tok/s, ttft 0.1257 s
[mk-d4] greedy/flask_fastapi rep0: 512 tok, decode 109.35 tok/s, ttft 0.1255 s
[mk-d4] greedy/flask_fastapi rep1: 512 tok, decode 109.78 tok/s, ttft 0.1263 s
[mk-d4] greedy/flask_fastapi rep2: 512 tok, decode 109.54 tok/s, ttft 0.1254 s
[mk-d4] greedy/story_robot rep0: 512 tok, decode 75.75 tok/s, ttft 0.1247 s
[mk-d4] greedy/story_robot rep1: 512 tok, decode 75.49 tok/s, ttft 0.1254 s
[mk-d4] greedy/story_robot rep2: 512 tok, decode 75.61 tok/s, ttft 0.1256 s
Traceback (most recent call last):
  File "/work/chat_bench.py", line 132, in <module>
    main()
  File "/work/chat_bench.py", line 115, in main
    r = stream_chat(a.url, dict(base, messages=[{"role": "user", "content": p}], max_tokens=a.think_n,
        ^^^^^^^^^^^^^^^^^^^^^^^^^^^^^^^^^^^^^^^^^^^^^^^^^^^^^^^^^^^^^^^^^^^^^^^^^^^^^^^^^^^^^^^^^^^^^^
  File "/work/chat_bench.py", line 60, in stream_chat
    raise RuntimeError("stream ended without usage or without a first token")
RuntimeError: stream ended without usage or without a first token
