[mk-d4] greedy/code_prime rep0: 273 tok, decode 128.71 tok/s, ttft 0.1288 s
[mk-d4] greedy/code_prime rep1: 273 tok, decode 128.55 tok/s, ttft 0.1282 s
[mk-d4] greedy/code_prime rep2: 273 tok, decode 128.24 tok/s, ttft 0.1275 s
[mk-d4] greedy/hashmap rep0: 512 tok, decode 106.21 tok/s, ttft 0.1271 s
[mk-d4] greedy/hashmap rep1: 512 tok, decode 105.94 tok/s, ttft 0.1284 s
[mk-d4] greedy/hashmap rep2: 512 tok, decode 105.64 tok/s, ttft 0.1274 s
[mk-d4] greedy/story_lighthouse rep0: 512 tok, decode 68.86 tok/s, ttft 0.1285 s
[mk-d4] greedy/story_lighthouse rep1: 512 tok, decode 68.54 tok/s, ttft 0.1294 s
[mk-d4] greedy/story_lighthouse rep2: 512 tok, decode 68.37 tok/s, ttft 0.1292 s
[mk-d4] greedy/flask_fastapi rep0: 512 tok, decode 99.63 tok/s, ttft 0.1298 s
[mk-d4] greedy/flask_fastapi rep1: 512 tok, decode 99.43 tok/s, ttft 0.1322 s
[mk-d4] greedy/flask_fastapi rep2: 512 tok, decode 99.17 tok/s, ttft 0.1311 s
[mk-d4] greedy/story_robot rep0: 512 tok, decode 68.25 tok/s, ttft 0.1324 s
[mk-d4] greedy/story_robot rep1: 512 tok, decode 68.19 tok/s, ttft 0.1314 s
[mk-d4] greedy/story_robot rep2: 512 tok, decode 68.03 tok/s, ttft 0.1308 s
[mk-d4] think/intervals rep0: 1024 tok, decode 86.63 tok/s, ttft 0.1722 s
[mk-d4] think/intervals rep1: 905 tok, decode 91.39 tok/s, ttft 0.1729 s
[mk-d4] think/bash_largest rep0: 1024 tok, decode 74.64 tok/s, ttft 0.1743 s
[mk-d4] think/bash_largest rep1: 1024 tok, decode 77.16 tok/s, ttft 0.1736 s
[mk-d4] think/c_ringbuf rep0: 1024 tok, decode 64.41 tok/s, ttft 0.1759 s
[mk-d4] think/c_ringbuf rep1: 1024 tok, decode 66.35 tok/s, ttft 0.175 s
[mk-d4] think/mutex_sem rep0: 1024 tok, decode 67.52 tok/s, ttft 0.1756 s
[mk-d4] think/mutex_sem rep1: 1024 tok, decode 76.96 tok/s, ttft 0.1738 s
[mk-d4] prefill/chars8000 rep0: 59 tok, decode 77.11 tok/s, ttft 2.0614 s
[mk-d4] prefill/chars8000 rep1: 59 tok, decode 77.1 tok/s, ttft 2.0667 s
[mk-d4] prefill/chars8000 rep2: 59 tok, decode 77.39 tok/s, ttft 2.0706 s
[mk-d4] prefill/chars24000 rep0: 62 tok, decode 75.73 tok/s, ttft 6.3594 s
[mk-d4] prefill/chars24000 rep1: 62 tok, decode 82.0 tok/s, ttft 6.353 s
[mk-d4] prefill/chars24000 rep2: 62 tok, decode 72.5 tok/s, ttft 6.362 s
[mk-d4] prefill/chars48000 rep0: 58 tok, decode 73.46 tok/s, ttft 13.5482 s
[mk-d4] prefill/chars48000 rep1: 72 tok, decode 79.07 tok/s, ttft 13.5506 s
[mk-d4] prefill/chars48000 rep2: 58 tok, decode 73.64 tok/s, ttft 13.5521 s
