[mk-d3] greedy/code_prime rep0: 273 tok, decode 123.15 tok/s, ttft 0.1288 s
[mk-d3] greedy/code_prime rep1: 273 tok, decode 123.09 tok/s, ttft 0.1287 s
[mk-d3] greedy/code_prime rep2: 273 tok, decode 123.07 tok/s, ttft 0.1294 s
[mk-d3] greedy/hashmap rep0: 512 tok, decode 107.18 tok/s, ttft 0.1281 s
[mk-d3] greedy/hashmap rep1: 512 tok, decode 106.92 tok/s, ttft 0.1297 s
[mk-d3] greedy/hashmap rep2: 512 tok, decode 106.65 tok/s, ttft 0.1291 s
[mk-d3] greedy/story_lighthouse rep0: 480 tok, decode 69.49 tok/s, ttft 0.1309 s
[mk-d3] greedy/story_lighthouse rep1: 480 tok, decode 69.24 tok/s, ttft 0.1311 s
[mk-d3] greedy/story_lighthouse rep2: 480 tok, decode 69.06 tok/s, ttft 0.131 s
[mk-d3] greedy/flask_fastapi rep0: 512 tok, decode 102.12 tok/s, ttft 0.1322 s
[mk-d3] greedy/flask_fastapi rep1: 512 tok, decode 102.02 tok/s, ttft 0.1318 s
[mk-d3] greedy/flask_fastapi rep2: 512 tok, decode 101.88 tok/s, ttft 0.132 s
[mk-d3] greedy/story_robot rep0: 512 tok, decode 68.32 tok/s, ttft 0.1307 s
[mk-d3] greedy/story_robot rep1: 512 tok, decode 68.21 tok/s, ttft 0.1315 s
[mk-d3] greedy/story_robot rep2: 512 tok, decode 68.25 tok/s, ttft 0.1317 s
[mk-d3] think/intervals rep0: 981 tok, decode 96.8 tok/s, ttft 0.1648 s
[mk-d3] think/intervals rep1: 707 tok, decode 90.58 tok/s, ttft 0.1674 s
[mk-d3] think/bash_largest rep0: 1024 tok, decode 77.73 tok/s, ttft 0.1694 s
[mk-d3] think/bash_largest rep1: 1024 tok, decode 76.89 tok/s, ttft 0.1677 s
[mk-d3] think/c_ringbuf rep0: 1024 tok, decode 68.02 tok/s, ttft 0.1675 s
[mk-d3] think/c_ringbuf rep1: 1024 tok, decode 63.13 tok/s, ttft 0.168 s
[mk-d3] think/mutex_sem rep0: 971 tok, decode 74.88 tok/s, ttft 0.1688 s
[mk-d3] think/mutex_sem rep1: 1024 tok, decode 68.84 tok/s, ttft 0.1691 s
[mk-d3] prefill/chars8000 rep0: 59 tok, decode 81.7 tok/s, ttft 2.0583 s
[mk-d3] prefill/chars8000 rep1: 59 tok, decode 81.89 tok/s, ttft 2.0696 s
[mk-d3] prefill/chars8000 rep2: 59 tok, decode 81.79 tok/s, ttft 2.0597 s
[mk-d3] prefill/chars24000 rep0: 59 tok, decode 79.16 tok/s, ttft 6.3603 s
[mk-d3] prefill/chars24000 rep1: 59 tok, decode 79.3 tok/s, ttft 6.3647 s
[mk-d3] prefill/chars24000 rep2: 59 tok, decode 79.24 tok/s, ttft 6.3645 s
[mk-d3] prefill/chars48000 rep0: 58 tok, decode 71.3 tok/s, ttft 13.563 s
[mk-d3] prefill/chars48000 rep1: 58 tok, decode 71.19 tok/s, ttft 13.5554 s
[mk-d3] prefill/chars48000 rep2: 58 tok, decode 71.16 tok/s, ttft 13.5486 s
