[mk-d0] greedy/code_prime rep0: 273 tok, decode 51.99 tok/s, ttft 0.128 s
[mk-d0] greedy/code_prime rep1: 273 tok, decode 51.74 tok/s, ttft 0.1284 s
[mk-d0] greedy/code_prime rep2: 273 tok, decode 51.56 tok/s, ttft 0.1287 s
[mk-d0] greedy/hashmap rep0: 512 tok, decode 51.22 tok/s, ttft 0.1298 s
[mk-d0] greedy/hashmap rep1: 512 tok, decode 51.08 tok/s, ttft 0.1303 s
[mk-d0] greedy/hashmap rep2: 512 tok, decode 50.82 tok/s, ttft 0.1298 s
[mk-d0] greedy/story_lighthouse rep0: 512 tok, decode 50.51 tok/s, ttft 0.1303 s
[mk-d0] greedy/story_lighthouse rep1: 512 tok, decode 50.56 tok/s, ttft 0.1303 s
[mk-d0] greedy/story_lighthouse rep2: 512 tok, decode 50.43 tok/s, ttft 0.131 s
[mk-d0] greedy/flask_fastapi rep0: 512 tok, decode 50.61 tok/s, ttft 0.1303 s
[mk-d0] greedy/flask_fastapi rep1: 512 tok, decode 50.6 tok/s, ttft 0.1311 s
[mk-d0] greedy/flask_fastapi rep2: 512 tok, decode 50.52 tok/s, ttft 0.1312 s
[mk-d0] greedy/story_robot rep0: 512 tok, decode 50.47 tok/s, ttft 0.13 s
[mk-d0] greedy/story_robot rep1: 512 tok, decode 50.42 tok/s, ttft 0.1326 s
[mk-d0] greedy/story_robot rep2: 512 tok, decode 50.43 tok/s, ttft 0.131 s
[mk-d0] prefill/chars8000 rep0: 59 tok, decode 48.51 tok/s, ttft 2.0595 s
[mk-d0] prefill/chars8000 rep1: 59 tok, decode 48.86 tok/s, ttft 2.0652 s
[mk-d0] prefill/chars8000 rep2: 59 tok, decode 48.85 tok/s, ttft 2.0579 s
[mk-d0] prefill/chars24000 rep0: 62 tok, decode 47.26 tok/s, ttft 6.3642 s
[mk-d0] prefill/chars24000 rep1: 62 tok, decode 47.2 tok/s, ttft 6.3665 s
[mk-d0] prefill/chars24000 rep2: 59 tok, decode 47.35 tok/s, ttft 6.3586 s
[mk-d0] prefill/chars48000 rep0: 58 tok, decode 45.14 tok/s, ttft 13.5657 s
[mk-d0] prefill/chars48000 rep1: 72 tok, decode 45.04 tok/s, ttft 13.5493 s
[mk-d0] prefill/chars48000 rep2: 58 tok, decode 44.99 tok/s, ttft 13.5568 s
